// Jest Snapshot v1, https://goo.gl/fbAQLP

exports[`Home renders correctly 1`] = `
"<div class=\\"container pt-4 pb-4\\">
  <section>
    <h2>People</h2>
    <div class=\\"d-flex flex-wrap\\"></div>
  </section>
</div>"
`;
